// Jest Snapshot v1, https://goo.gl/fbAQLP

exports[`<GeneralButton /> Show ProgressBar correctly 1`] = `
<progress
  class="progressBar"
  data-testid="progress"
  max="10"
  value="9"
/>
`;
